 
****************************************
check_design summary:
Version:     O-2018.06-SP1
Date:        Mon Sep 14 06:44:28 2026
****************************************

                   Name                                            Total
--------------------------------------------------------------------------------
Inputs/Outputs                                                     13
    Shorted outputs (LINT-31)                                       6
    Constant outputs (LINT-52)                                      7
--------------------------------------------------------------------------------

Warning: In design 'alu8_top', output port 'result[15]' is connected directly to output port 'result[9]'. (LINT-31)
Warning: In design 'alu8_top', output port 'result[15]' is connected directly to output port 'result[10]'. (LINT-31)
Warning: In design 'alu8_top', output port 'result[15]' is connected directly to output port 'result[11]'. (LINT-31)
Warning: In design 'alu8_top', output port 'result[15]' is connected directly to output port 'result[12]'. (LINT-31)
Warning: In design 'alu8_top', output port 'result[15]' is connected directly to output port 'result[13]'. (LINT-31)
Warning: In design 'alu8_top', output port 'result[15]' is connected directly to output port 'result[14]'. (LINT-31)
Warning: In design 'alu8_top', output port 'result[15]' is connected directly to 'logic 0'. (LINT-52)
Warning: In design 'alu8_top', output port 'result[14]' is connected directly to 'logic 0'. (LINT-52)
Warning: In design 'alu8_top', output port 'result[13]' is connected directly to 'logic 0'. (LINT-52)
Warning: In design 'alu8_top', output port 'result[12]' is connected directly to 'logic 0'. (LINT-52)
Warning: In design 'alu8_top', output port 'result[11]' is connected directly to 'logic 0'. (LINT-52)
Warning: In design 'alu8_top', output port 'result[10]' is connected directly to 'logic 0'. (LINT-52)
Warning: In design 'alu8_top', output port 'result[9]' is connected directly to 'logic 0'. (LINT-52)
1
