****************************************
Report : Time Based Power
Design : alu8_top
Version: O-2018.06-SP1
Date   : Mon Sep 14 06:56:22 2026
****************************************



  Attributes
  ----------
      i  -  Including register clock pin internal power
      u  -  User defined power group

                        Internal  Switching  Leakage    Total
Power Group             Power     Power      Power      Power   (     %)  Attrs
--------------------------------------------------------------------------------
clock_network           3.096e-05    0.0000    0.0000 3.096e-05 (25.29%)  i
register                4.828e-06 5.241e-05 3.138e-07 5.755e-05 (47.00%)  
combinational           4.202e-06 2.944e-05 2.896e-07 3.393e-05 (27.71%)  
sequential                 0.0000    0.0000    0.0000    0.0000 ( 0.00%)  
memory                     0.0000    0.0000    0.0000    0.0000 ( 0.00%)  
io_pad                     0.0000    0.0000    0.0000    0.0000 ( 0.00%)  
black_box                  0.0000    0.0000    0.0000    0.0000 ( 0.00%)  

  Net Switching Power  = 8.184e-05   (66.84%)
  Cell Internal Power  = 3.999e-05   (32.66%)
  Cell Leakage Power   = 6.034e-07   ( 0.49%)
                         ---------
Total Power            = 1.224e-04  (100.00%)

X Transition Power     =    0.0000
Glitching Power        =    0.0000

Peak Power             =    0.0288
Peak Time              =   535.000

1
