In mode: all_dft...
  Pre-DFT DRC enabled
Warning: Clock port 'SCAN_CLK' is assigned input delay relative to clock 'TX_CLK'. (TIM-111)
Warning: Clock port 'SCAN_CLK' is assigned input delay relative to clock 'TX_CLK'. (TIM-111)

Information: Starting test design rule checking. (TEST-222)
  Loading test protocol
  ...basic checks...
  ...basic sequential cell checks...
  	...checking for scan equivalents...
  ...checking vector rules...
  ...checking pre-dft rules...

-----------------------------------------------------------------
  DRC Report

  Total violations: 0

-----------------------------------------------------------------


Test Design rule checking did not find violations

-----------------------------------------------------------------
  Sequential Cell Report

  0 out of 16 sequential cells have violations

-----------------------------------------------------------------

SEQUENTIAL CELLS WITHOUT VIOLATIONS
      *  16 cells are valid scan cells
         u_fsm/current_state_reg[0]
         u_fsm/current_state_reg[1]
         u_fsm/current_state_reg[2]
         u_serializer/shift_reg_reg[6]
         u_serializer/shift_reg_reg[5]
         u_serializer/shift_reg_reg[4]
         u_serializer/shift_reg_reg[3]
         u_serializer/shift_reg_reg[2]
         u_serializer/shift_reg_reg[1]
         u_serializer/shift_reg_reg[0]
         u_serializer/shift_reg_reg[7]
         u_serializer/bit_cnt_reg[2]
         u_serializer/bit_cnt_reg[1]
         u_serializer/bit_cnt_reg[0]
         u_parity_calc/parity_reg_reg
         u_mux/TX_OUT_reg

Information: Test design rule checking completed. (TEST-123)
1
