 
****************************************
Report : port
Design : UART_TX
Version: O-2018.06-SP1
Date   : Wed Sep  2 03:40:27 2026
****************************************



Attributes:
    d - dont_touch_network

                       Pin      Wire     Max     Max     Connection
Port           Dir     Load     Load     Trans   Cap     Class      Attrs
--------------------------------------------------------------------------------
CLK            in      0.0000   0.0000    1.50    0.18   --         d
DATA_VALID     in      0.0000   0.0000    1.50    0.18   --         
PAR_EN         in      0.0000   0.0000    1.50    0.18   --         
PAR_TYP        in      0.0000   0.0000    1.50    0.18   --         
P_DATA[0]      in      0.0000   0.0000    1.50    0.18   --         
P_DATA[1]      in      0.0000   0.0000    1.50    0.18   --         
P_DATA[2]      in      0.0000   0.0000    1.50    0.18   --         
P_DATA[3]      in      0.0000   0.0000    1.50    0.18   --         
P_DATA[4]      in      0.0000   0.0000    1.50    0.18   --         
P_DATA[5]      in      0.0000   0.0000    1.50    0.18   --         
P_DATA[6]      in      0.0000   0.0000    1.50    0.18   --         
P_DATA[7]      in      0.0000   0.0000    1.50    0.18   --         
RST            in      0.0000   0.0000    1.50    0.18   --         
SE             in      0.0000   0.0000    1.50    0.18   --         
SI             in      0.0000   0.0000    1.50    0.18   --         
scan_clk       in      0.0000   0.0000    1.50    0.18   --         d
scan_rst       in      0.0000   0.0000    1.50    0.18   --         
test_mode      in      0.0000   0.0000    1.50    0.18   --         
Busy           out     0.1000   0.0000   --      --      --         
SO             out     0.1000   0.0000   --      --      --         
TX_OUT         out     0.1000   0.0000   --      --      --         

1
